// Jest Snapshot v1, https://goo.gl/fbAQLP

exports[`Footer with Link should match with snapshot 1`] = `
<footer
  className="header text-decoration-none"
>
  <a
    className="link"
    href="/"
    onClick={[Function]}
  >
    <h1
      className="header__title text-decoration-none"
    >
      FoodRecipe
    </h1>
  </a>
  <span
    className="span"
  >
    Ari Karim
  </span>
</footer>
`;
