// Jest Snapshot v1, https://goo.gl/fbAQLP

exports[`Header with Link should match with snapshot 1`] = `
<header
  className="header text-decoration-none"
>
  <a
    className="link"
    href="/"
    onClick={[Function]}
  >
    <h1
      className="header__title text-decoration-none"
    >
      FoodSearch
    </h1>
  </a>
</header>
`;
